// Vitest Snapshot v1

exports[`Roadmap.org > top paragraph > wraps a single text in a paragraph object 1`] = `
{
  "content": [
    {
      "content": "⚠️ All points in this roadmap are listed in their relative order of importance. In case points get reordered in this document, it should be interpreted as a change in prioritization. Points are ordered by highest priority first.
",
      "type": "t",
    },
  ],
  "type": "p",
}
`;
