// Vitest Snapshot v1

exports[`toc > renders 1`] = `
<DocumentFragment>
  <ul
    class="text-sm text-gray-300 group-hover:text-gray-900"
  >
    <li
      class="py-2 w-full"
    >
      <a
        href="#test-anchor"
      >
        Part 1
      </a>
      <ul
        class="px-2"
      >
        <li
          class="py-2 w-full"
        >
          <a
            href="#test-anchor"
          >
            Part 1.1 with a very long title that requires space
          </a>
          <ul
            class="px-4"
          />
        </li>
        <li
          class="py-2 w-full"
        >
          <a
            href="#test-anchor"
          >
            Part 1.2
          </a>
          <ul
            class="px-4"
          >
            <li
              class="py-2 w-full"
            >
              <a
                href="#test-anchor"
              >
                Part 1.2.1
              </a>
              <ul
                class="px-6"
              />
            </li>
          </ul>
        </li>
      </ul>
    </li>
    <li
      class="py-2 w-full"
    >
      <a
        href="#test-anchor"
      >
        Part 2
      </a>
      <ul
        class="px-2"
      />
    </li>
    <li
      class="py-2 w-full"
    >
      <a
        href="#test-anchor"
      >
        Part 3
      </a>
      <ul
        class="px-2"
      />
    </li>
  </ul>
</DocumentFragment>
`;
