// Vitest Snapshot v1

exports[`toc > renders 1`] = `
<DocumentFragment>
  <ul
    class="h-full overflow-y-scroll text-sm"
  >
    <li>
      <div
        class="bg-transparent hover:bg-primary-main text-black border-r-4 border-transparent hover:border-black transition hover:transition py-2 px-4 flex items-center gap-3"
      >
        <span
          aria-controls="headlessui-disclosure-panel-:r1:"
          aria-expanded="true"
          class="shrink-0"
          id="headlessui-disclosure-button-:r0:"
        >
          <svg
            class="transition-all fill-black  h-4 w-4 cursor-pointer select-none"
            viewBox="0 0 320 512"
            xmlns="http://www.w3.org/2000/svg"
          >
            <path
              d="M137.4 374.6c12.5 12.5 32.8 12.5 45.3 0l128-128c9.2-9.2 11.9-22.9 6.9-34.9s-16.6-19.8-29.6-19.8L32 192c-12.9 0-24.6 7.8-29.6 19.8s-2.2 25.7 6.9 34.9l128 128z"
            />
          </svg>
        </span>
        <a
          class="contents"
          href="/#id:1"
        >
          <span
            class="cursor-pointer truncate"
            id="id:1"
          >
            Part 1
          </span>
        </a>
      </div>
      <div
        class="overflow-hidden ml-5"
      >
        <ul
          class=" h-fit"
          id="headlessui-disclosure-panel-:r1:"
        >
          <li>
            <div
              class="bg-black text-white border-r-4 border-transparent hover:border-white transition hover:transition py-2 px-4 flex items-center gap-3"
            >
              <div
                class="h-4 w-4 shrink-0"
              />
              <a
                class="contents"
                href="/#id:2"
              >
                <span
                  class="cursor-pointer truncate"
                  id="id:2"
                >
                  Part 1.1 with a very long title that requires space
                </span>
              </a>
            </div>
          </li>
          <li>
            <div
              class="bg-transparent hover:bg-primary-main text-black border-r-4 border-transparent hover:border-black transition hover:transition py-2 px-4 flex items-center gap-3"
            >
              <span
                aria-controls="headlessui-disclosure-panel-:r6:"
                aria-expanded="true"
                class="shrink-0"
                id="headlessui-disclosure-button-:r5:"
              >
                <svg
                  class="transition-all fill-black  h-4 w-4 cursor-pointer select-none"
                  viewBox="0 0 320 512"
                  xmlns="http://www.w3.org/2000/svg"
                >
                  <path
                    d="M137.4 374.6c12.5 12.5 32.8 12.5 45.3 0l128-128c9.2-9.2 11.9-22.9 6.9-34.9s-16.6-19.8-29.6-19.8L32 192c-12.9 0-24.6 7.8-29.6 19.8s-2.2 25.7 6.9 34.9l128 128z"
                  />
                </svg>
              </span>
              <a
                class="contents"
                href="/#id:3"
              >
                <span
                  class="cursor-pointer truncate"
                  id="id:3"
                >
                  Part 1.2
                </span>
              </a>
            </div>
            <div
              class="overflow-hidden ml-5"
            >
              <ul
                class=" h-fit"
                id="headlessui-disclosure-panel-:r6:"
              >
                <li>
                  <div
                    class="bg-transparent hover:bg-primary-main text-black border-r-4 border-transparent hover:border-black transition hover:transition py-2 px-4 flex items-center gap-3"
                  >
                    <div
                      class="h-4 w-4 shrink-0"
                    />
                    <a
                      class="contents"
                      href="/#id:4"
                    >
                      <span
                        class="cursor-pointer truncate"
                        id="id:4"
                      >
                        Part 1.2.1
                      </span>
                    </a>
                  </div>
                </li>
              </ul>
            </div>
          </li>
        </ul>
      </div>
    </li>
    <li>
      <div
        class="bg-transparent hover:bg-primary-main text-black border-r-4 border-transparent hover:border-black transition hover:transition py-2 px-4 flex items-center gap-3"
      >
        <div
          class="h-4 w-4 shrink-0"
        />
        <a
          class="contents"
          href="/#id:5"
        >
          <span
            class="cursor-pointer truncate"
            id="id:5"
          >
            Part 2
          </span>
        </a>
      </div>
    </li>
    <li>
      <div
        class="bg-transparent hover:bg-primary-main text-black border-r-4 border-transparent hover:border-black transition hover:transition py-2 px-4 flex items-center gap-3"
      >
        <div
          class="h-4 w-4 shrink-0"
        />
        <a
          class="contents"
          href="/#id:6"
        >
          <span
            class="cursor-pointer truncate"
            id="id:6"
          >
            Part 3
          </span>
        </a>
      </div>
    </li>
  </ul>
</DocumentFragment>
`;
